{
  "event_id": "evt_01j6ffeybs8663frsz3240kjch",
  "notification_id": "ntf_01j6ffeyg71gse6bm6fp8pvacr",
  "event": {
    "SubscriptionCreated": {
      "id": "sub_01j6ffexwgztae4bsmnxn1h2zs",
      "customer_id": "ctm_01j535fawggst1gm3qsyanc0mb",
      "billing_cycle": { "frequency": 1, "interval": "year" },
      "next_billed_at": "2025-08-29T16:28:22.856323Z",
      "paused_at": null,
      "scheduled_change": null,
      "started_at": "2024-08-29T16:28:22.856323Z",
      "custom_data": null,
      "items": [
        {
          "price": {
            "billing_cycle": { "frequency": 1, "interval": "year" },
            "created_at": "2024-08-29T11:38:23.207406Z",
            "custom_data": null,
            "description": "PodZito Pro Plus",
            "id": "pri_01j6eyvx3707phydse7hf79ksp",
            "import_meta": null,
            "name": "PodZito Pro Plus",
            "product_id": "pro_01j52z87e5sdt3p60mmtcavpgt",
            "quantity": { "maximum": 1, "minimum": 1 },
            "status": "active",
            "tax_mode": "account_setting",
            "trial_period": null,
            "type": "standard",
            "unit_price": { "amount": "12999", "currency_code": "USD" },
            "updated_at": "2024-08-29T11:38:23.207406Z"
          },
          "product": {
            "created_at": "2024-08-12T09:38:32.005Z",
            "custom_data": null,
            "description": "Podzito",
            "id": "pro_01j52z87e5sdt3p60mmtcavpgt",
            "image_url": null,
            "name": "PodZito",
            "status": "active",
            "tax_category": "standard",
            "type": "standard",
            "updated_at": "2024-08-12T09:38:32.005Z"
          },
          "created_at": "2024-08-29T16:28:23.824Z",
          "next_billed_at": "2025-08-29T16:28:22.856323Z",
          "previously_billed_at": "2024-08-29T16:28:22.856323Z",
          "price_id": null,
          "quantity": 1,
          "recurring": true,
          "status": "active",
          "trial_dates": null,
          "updated_at": "2024-08-29T16:28:23.824Z"
        }
      ],
      "status": "active",
      "transaction_id": "txn_01j6ffdrbabr6a8zyrdsjz28ev",
      "updated_at": "2024-08-29T16:28:23.824Z"
    }
  },
  "occurred_at": "2024-08-29T16:28:24.313864Z"
}
