{
  "event_id": "evt_01j6h8vb276se6a1hyys6t9fdn",
  "notification_id": "ntf_01j6h8vbfx1wryhg65nxh43b4m",
  "event": {
    "SubscriptionCreated": {
      "id": "sub_01j6h8vajcgzcapjyqqs6n65t0",
      "customer_id": "ctm_01j535fawggst1gm3qsyanc0mb",
      "billing_cycle": { "frequency": 1, "interval": "month" },
      "next_billed_at": "2024-09-06T09:11:18.855Z",
      "paused_at": null,
      "scheduled_change": null,
      "started_at": "2024-08-30T09:11:18.855Z",
      "custom_data": { "customer_id": "2lN8BwhpfGzI5pP7domN3P0DcMU" },
      "items": [
        {
          "price": {
            "billing_cycle": { "frequency": 1, "interval": "month" },
            "created_at": "2024-08-12T09:42:40.160401Z",
            "custom_data": null,
            "description": "PodZito Pro - Monthly",
            "id": "pri_01j52zfss0hcfxamnma1tf42gt",
            "import_meta": null,
            "name": "PodZito Pro",
            "product_id": "pro_01j52z87e5sdt3p60mmtcavpgt",
            "quantity": { "maximum": 1, "minimum": 1 },
            "status": "active",
            "tax_mode": "account_setting",
            "trial_period": { "frequency": 7, "interval": "day" },
            "type": "standard",
            "unit_price": { "amount": "999", "currency_code": "USD" },
            "updated_at": "2024-08-29T11:35:06.922573Z"
          },
          "product": {
            "created_at": "2024-08-12T09:38:32.005Z",
            "custom_data": null,
            "description": "Podzito",
            "id": "pro_01j52z87e5sdt3p60mmtcavpgt",
            "image_url": null,
            "name": "PodZito",
            "status": "active",
            "tax_category": "standard",
            "type": "standard",
            "updated_at": "2024-08-12T09:38:32.005Z"
          },
          "created_at": "2024-08-30T09:11:18.86Z",
          "next_billed_at": "2024-09-06T09:11:18.855Z",
          "previously_billed_at": null,
          "price_id": null,
          "quantity": 1,
          "recurring": true,
          "status": "trialing",
          "trial_dates": { "starts_at": "2024-08-30T09:11:18.855Z", "ends_at": "2024-09-06T09:11:18.855Z" },
          "updated_at": "2024-08-30T09:11:18.86Z"
        }
      ],
      "status": "trialing",
      "transaction_id": "txn_01j6h8tfbmt61670vyq9farbyd",
      "updated_at": "2024-08-30T09:11:18.86Z"
    }
  },
  "occurred_at": "2024-08-30T09:11:19.367924Z"
}

