{
  "event_id": "evt_01j6c1axdzfvz9nc64qafqbfgf",
  "notification_id": "ntf_01j6c1axh39t2jk4y31rjc8wad",
  "event": {
    "SubscriptionCanceled": {
      "billing_cycle": { "frequency": 1, "interval": "month" },
      "next_billed_at": null,
      "paused_at": null,
      "scheduled_change": null,
      "started_at": "2024-08-28T08:19:48.806Z",
      "items": [
        {
          "price": {
            "billing_cycle": { "frequency": 1, "interval": "month" },
            "created_at": "2024-08-12T09:42:40.160401Z",
            "custom_data": { "credits": "25", "storage": "5000" },
            "description": "PodZito Pro - Monthlu",
            "id": "pri_01j52zfss0hcfxamnma1tf42gt",
            "import_meta": null,
            "name": "PodZito Pro",
            "product_id": "pro_01j52z87e5sdt3p60mmtcavpgt",
            "quantity": { "maximum": 1, "minimum": 1 },
            "seller_id": "21860",
            "status": "active",
            "tax_mode": "account_setting",
            "trial_period": { "frequency": 7, "interval": "day" },
            "type": "standard",
            "unit_price": { "amount": "2499", "currency_code": "USD" },
            "updated_at": "2024-08-13T17:52:09.561748Z"
          },
          "product": {
            "created_at": "2024-08-12T09:38:32.005Z",
            "custom_data": null,
            "description": "Podzito",
            "id": "pro_01j52z87e5sdt3p60mmtcavpgt",
            "image_url": null,
            "name": "PodZito",
            "seller_id": "21860",
            "status": "active",
            "tax_category": "standard",
            "type": "standard",
            "updated_at": "2024-08-12T09:38:32.005Z"
          },
          "created_at": "2024-08-28T08:19:48.812Z",
          "next_billed_at": null,
          "previously_billed_at": "2024-08-28T08:22:55.095Z",
          "quantity": 1,
          "recurring": true,
          "status": "active",
          "trial_dates": { "starts_at": "2024-08-28T08:19:48.806Z", "ends_at": "2024-08-28T08:22:06.533Z" },
          "updated_at": "2024-08-28T08:22:55.126Z"
        }
      ],
      "status": "canceled",
      "updated_at": "2024-08-28T08:23:48.366Z"
    }
  },
  "occurred_at": "2024-08-28T08:23:48.927778Z"
}

