{
  "event_id": "evt_01j5g2pr0m1a2ykkh7cs5v2jgp",
  "notification_id": "ntf_01j5g2prembgkmxefenzny5aft",
  "event": {
    "SubscriptionCreated": {
      "billing_cycle": { "frequency": 1, "interval": "year" },
      "next_billed_at": "2024-08-24T11:49:00.129Z",
      "paused_at": null,
      "scheduled_change": null,
      "started_at": "2024-08-17T11:49:00.129Z",
      "items": [
        {
          "price": {
            "billing_cycle": { "frequency": 1, "interval": "year" },
            "created_at": "2024-08-12T09:44:03.962458Z",
            "custom_data": { "credits": "25", "storage": "5000" },
            "description": "PodZito Pro - Annual",
            "id": "pri_01j52zjbkt405xwe2hdx1rpz00",
            "import_meta": null,
            "name": "PodZito Pro",
            "product_id": "pro_01j52z87e5sdt3p60mmtcavpgt",
            "quantity": { "maximum": 1, "minimum": 1 },
            "seller_id": "21860",
            "status": "active",
            "tax_mode": "account_setting",
            "trial_period": { "frequency": 7, "interval": "day" },
            "type": "standard",
            "unit_price": { "amount": "19999", "currency_code": "USD" },
            "updated_at": "2024-08-13T17:52:27.702555Z"
          },
          "product": {
            "created_at": "2024-08-12T09:38:32.005Z",
            "custom_data": null,
            "description": "Podzito",
            "id": "pro_01j52z87e5sdt3p60mmtcavpgt",
            "image_url": null,
            "name": "PodZito",
            "seller_id": "21860",
            "status": "active",
            "tax_category": "standard",
            "type": "standard",
            "updated_at": "2024-08-12T09:38:32.005Z"
          },
          "created_at": "2024-08-17T11:49:00.14Z",
          "next_billed_at": "2024-08-24T11:49:00.129Z",
          "previously_billed_at": null,
          "quantity": 1,
          "recurring": true,
          "status": "trialing",
          "trial_dates": { "starts_at": "2024-08-17T11:49:00.129Z", "ends_at": "2024-08-24T11:49:00.129Z" },
          "updated_at": "2024-08-17T11:49:00.14Z"
        }
      ],
      "status": "trialing",
      "transaction_id": "txn_01j5g2nqc36pyfk7rhymdfw10j",
      "updated_at": "2024-08-17T11:49:00.14Z"
    }
  },
  "occurred_at": "2024-08-17T11:49:01.07646Z"
}
