{
  "event_id": "evt_01j6feqkmc1jkbv5d0js9j0thr",
  "notification_id": "ntf_01j6feqkqytbc215anc54hr32e",
  "event": {
    "SubscriptionUpdated": {
      "billing_cycle": { "frequency": 1, "interval": "month" },
      "next_billed_at": "2024-09-29T16:15:36.182Z",
      "paused_at": null,
      "scheduled_change": null,
      "started_at": "2024-08-29T16:12:10.967Z",
      "items": [
        {
          "price": {
            "billing_cycle": { "frequency": 1, "interval": "month" },
            "created_at": "2024-08-12T09:42:40.160401Z",
            "custom_data": null,
            "description": "PodZito Pro - Monthly",
            "id": "pri_01j52zfss0hcfxamnma1tf42gt",
            "import_meta": null,
            "name": "PodZito Pro",
            "product_id": "pro_01j52z87e5sdt3p60mmtcavpgt",
            "quantity": { "maximum": 1, "minimum": 1 },
            "status": "active",
            "tax_mode": "account_setting",
            "trial_period": { "frequency": 7, "interval": "day" },
            "type": "standard",
            "unit_price": { "amount": "999", "currency_code": "USD" },
            "updated_at": "2024-08-29T11:35:06.922573Z"
          },
          "product": {
            "created_at": "2024-08-12T09:38:32.005Z",
            "custom_data": null,
            "description": "Podzito",
            "id": "pro_01j52z87e5sdt3p60mmtcavpgt",
            "image_url": null,
            "name": "PodZito",
            "status": "active",
            "tax_category": "standard",
            "type": "standard",
            "updated_at": "2024-08-12T09:38:32.005Z"
          },
          "created_at": "2024-08-29T16:12:10.973Z",
          "next_billed_at": "2024-09-29T16:15:36.182Z",
          "previously_billed_at": "2024-08-29T16:15:36.182Z",
          "quantity": 1,
          "recurring": true,
          "status": "active",
          "trial_dates": { "starts_at": "2024-08-29T16:12:10.967Z", "ends_at": "2024-08-29T16:15:36.182Z" },
          "updated_at": "2024-08-29T16:15:36.196Z"
        }
      ],
      "status": "active",
      "transaction_id": null,
      "updated_at": "2024-08-29T16:15:36.195Z"
    }
  },
  "occurred_at": "2024-08-29T16:15:39.660663Z"
}
